// Jest Snapshot v1, https://goo.gl/fbAQLP

exports[`MetadataRequest multiple topics 1`] = `"AAAAAwAJdG9waWMtb25lAAl0b3BpYy10d28AC3RvcGljLXRocmVl"`;

exports[`MetadataRequest no topics 1`] = `"AAAAAA=="`;

exports[`MetadataRequest one topic 1`] = `"AAAAAQAJdG9waWMtb25l"`;

exports[`MetadataResponse multi-partition topic 1`] = `"AAAAAQAAAAEAC2V4YW1wbGUuY29tAAABuwAAAAEAAAAJdG9waWMtb25lAAAAAgAAAAAAAQAAAAEAAAAAAAAAAAAAAAAAAgAAAAEAAAAAAAAAAA=="`;

exports[`MetadataResponse multiple topics 1`] = `"AAAAAQAAAAEAC2V4YW1wbGUuY29tAAABuwAAAAIAAAAJdG9waWMtb25lAAAAAQAAAAAAAQAAAAEAAAAAAAAAAAAAAAl0b3BpYy10d28AAAACAAAAAAABAAAAAQAAAAAAAAAAAAAAAAACAAAAAQAAAAAAAAAA"`;

exports[`MetadataResponse multiple topics with errors 1`] = `"AAAAAQAAAAEAC2V4YW1wbGUuY29tAAABuwAAAAMAAwAJdG9waWMtb25lAAAAAAADAAl0b3BpYy10d28AAAAAAAAAC3RvcGljLXRocmVlAAAAAgAAAAAAAQAAAAEAAAAAAAAAAAAAAAAAAgAAAAEAAAAAAAAAAA=="`;

exports[`MetadataResponse no topics 1`] = `"AAAAAQAAAAEAC2V4YW1wbGUuY29tAAABuwAAAAA="`;

exports[`MetadataResponse single-partition topic 1`] = `"AAAAAQAAAAEAC2V4YW1wbGUuY29tAAABuwAAAAEAAAAJdG9waWMtb25lAAAAAQAAAAAAAQAAAAEAAAAAAAAAAA=="`;
